
Memory Configuration

Name             Origin             Length             Attributes
*default*        0x0000000000000000 0xffffffffffffffff

Linker script and memory map

                0x0000000080000000                . = 0x80000000

.text.boot      0x0000000080000000       0x14
 *(.text.boot)
 .text.boot     0x0000000080000000       0x14 build_sbi/sbi_boot_s.o
                0x0000000080000000                _start

.text           0x0000000080000014       0xa8
 *(.text)
 .text          0x0000000080000014       0xa8 build_sbi/sbi_main_c.o
                0x0000000080000014                sbi_main
 .text          0x00000000800000bc        0x0 build_sbi/sbi_boot_s.o
 .text          0x00000000800000bc        0x0 build_sbi/sbi_payload_s.o

.rodata
 *(.rodata)

.data           0x0000000080001000     0x1000
 *(.data)
 .data          0x0000000080001000        0x0 build_sbi/sbi_main_c.o
 .data          0x0000000080001000     0x1000 build_sbi/sbi_boot_s.o
                0x0000000080001000                stacks_start
 .data          0x0000000080002000        0x0 build_sbi/sbi_payload_s.o
                0x0000000080002000                . = ALIGN (0x8)
                0x0000000080002000                bss_begin = .

.bss            0x0000000080002000        0x0
 *(.bss*)
 .bss           0x0000000080002000        0x0 build_sbi/sbi_main_c.o
 .bss           0x0000000080002000        0x0 build_sbi/sbi_boot_s.o
 .bss           0x0000000080002000        0x0 build_sbi/sbi_payload_s.o
                0x0000000080002000                bss_end = .
                0x0000000080200000                . = 0x80200000

.payload        0x0000000080200000     0x2008
                [!provide]                        PROVIDE (_payload_start = .)
 *(.payload)
 .payload       0x0000000080200000     0x2004 build_sbi/sbi_payload_s.o
                0x0000000080200000                payload_bin
                0x0000000080202008                . = ALIGN (0x8)
 *fill*         0x0000000080202004        0x4 
                [!provide]                        PROVIDE (_payload_end = .)
LOAD build_sbi/sbi_main_c.o
LOAD build_sbi/sbi_boot_s.o
LOAD build_sbi/sbi_payload_s.o
OUTPUT(build_sbi/benos_payload.elf elf64-littleriscv)

.debug_info     0x0000000000000000      0x16a
 .debug_info    0x0000000000000000      0x13c build_sbi/sbi_main_c.o
 .debug_info    0x000000000000013c       0x2e build_sbi/sbi_boot_s.o

.debug_abbrev   0x0000000000000000       0x74
 .debug_abbrev  0x0000000000000000       0x60 build_sbi/sbi_main_c.o
 .debug_abbrev  0x0000000000000060       0x14 build_sbi/sbi_boot_s.o

.debug_aranges  0x0000000000000000       0x60
 .debug_aranges
                0x0000000000000000       0x30 build_sbi/sbi_main_c.o
 .debug_aranges
                0x0000000000000030       0x30 build_sbi/sbi_boot_s.o

.debug_line     0x0000000000000000      0x124
 .debug_line    0x0000000000000000       0xd1 build_sbi/sbi_main_c.o
 .debug_line    0x00000000000000d1       0x53 build_sbi/sbi_boot_s.o

.debug_str      0x0000000000000000       0xc4
 .debug_str     0x0000000000000000       0xa9 build_sbi/sbi_main_c.o
 .debug_str     0x00000000000000a9       0x1b build_sbi/sbi_boot_s.o
                                         0x3b (size before relaxing)

.comment        0x0000000000000000       0x24
 .comment       0x0000000000000000       0x24 build_sbi/sbi_main_c.o
                                         0x25 (size before relaxing)

.note.GNU-stack
                0x0000000000000000        0x0
 .note.GNU-stack
                0x0000000000000000        0x0 build_sbi/sbi_main_c.o

.debug_frame    0x0000000000000000       0x38
 .debug_frame   0x0000000000000000       0x38 build_sbi/sbi_main_c.o
